Found 3 test(s).
python : Creating test database for alias 
'default'...
No linha:1 caractere:1
+ python manage.py test 
apps.ai_engine.tests.test_copilot_generate_flow 
...
+ ~~~~~~~~~~~~~~~~~~~~~~~~~~~~~~~~~~~~~~~~~~~~~~
~~~~~~~~~~~~~~~~~~~~~~~
    + CategoryInfo          : NotSpecified: (Cr 
   eating test d...as 'default'...:String) [],  
   RemoteException
    + FullyQualifiedErrorId : NativeCommandErro 
   r
 

System check identified no issues (0 silenced).
C:\Users\mmaccafe\AppData\Local\Packages\PythonS
oftwareFoundation.Python.3.13_qbz5n2kfra8p0\Loca
lCache\local-packages\Python313\site-packages\dj
ango\core\handlers\base.py:61: UserWarning: No 
directory at: C:\Users\mmaccafe\Documents\Agent-
BI\staticfiles\
  mw_instance = middleware(adapted_handler)
[2026-04-06 20:08:27,345] DEBUG 
apps.audit.services.trace_service [Tracer] 
Inciando: Anßlise de Dados e Prompt (Trace: 
ef3e52b7-f1ee-4513-8d77-e008db241a5f)
[2026-04-06 20:08:27,351] DEBUG 
apps.audit.services.trace_service [Tracer] 
Inciando: Recuperaτπo de Contexto (RAG) (Trace: 
ef3e52b7-f1ee-4513-8d77-e008db241a5f)
[2026-04-06 20:08:27,352] INFO 
apps.audit.services.trace_service [Tracer] 
Concluido: Recuperaτπo de Contexto (RAG) em 0ms
[2026-04-06 20:08:27,352] DEBUG 
apps.audit.services.trace_service [Tracer] 
Inciando: Supervisor: Routing (Trace: 
ef3e52b7-f1ee-4513-8d77-e008db241a5f)
[2026-04-06 20:08:27,366] INFO 
botocore.credentials Found credentials in 
shared credentials file: ~/.aws/credentials
[2026-04-06 20:08:27,611] INFO 
apps.ai_engine.agents.supervisor_agent 
[Supervisor] Iniciando anßlise de intenτπo.
[2026-04-06 20:08:27,611] ERROR 
apps.ai_engine.agents.supervisor_agent 
[Supervisor] Falha na anßlise: 'BedrockService' 
object has no attribute 'generate_text'. 
Fallback para ROUTE_NL2SQL.
[2026-04-06 20:08:27,612] INFO 
apps.audit.services.trace_service [Tracer] 
Concluido: Supervisor: Routing em 259ms
[2026-04-06 20:08:27,612] DEBUG 
apps.audit.services.trace_service [Tracer] 
Inciando: Especialista: ROUTE_NL2SQL (Trace: 
ef3e52b7-f1ee-4513-8d77-e008db241a5f)
[2026-04-06 20:08:27,612] INFO 
apps.audit.services.trace_service [Tracer] 
Concluido: Especialista: ROUTE_NL2SQL em 0ms
[2026-04-06 20:08:27,613] INFO 
apps.audit.services.trace_service [Tracer] 
Concluido: Anßlise de Dados e Prompt em 267ms
[2026-04-06 20:08:27,614] WARNING 
django.request Bad Request: 
/api/v1/copilot/generate
.[2026-04-06 20:08:27,617] DEBUG 
apps.audit.services.trace_service [Tracer] 
Inciando: Anßlise de Dados e Prompt (Trace: 
7d56be73-9970-4443-aff5-3ee826892ff5)
[2026-04-06 20:08:27,620] DEBUG 
apps.audit.services.trace_service [Tracer] 
Inciando: Recuperaτπo de Contexto (RAG) (Trace: 
7d56be73-9970-4443-aff5-3ee826892ff5)
[2026-04-06 20:08:27,621] INFO 
apps.audit.services.trace_service [Tracer] 
Concluido: Recuperaτπo de Contexto (RAG) em 0ms
[2026-04-06 20:08:27,621] DEBUG 
apps.audit.services.trace_service [Tracer] 
Inciando: Supervisor: Routing (Trace: 
7d56be73-9970-4443-aff5-3ee826892ff5)
[2026-04-06 20:08:27,624] INFO 
apps.ai_engine.agents.supervisor_agent 
[Supervisor] Iniciando anßlise de intenτπo.
[2026-04-06 20:08:27,624] ERROR 
apps.ai_engine.agents.supervisor_agent 
[Supervisor] Falha na anßlise: 'BedrockService' 
object has no attribute 'generate_text'. 
Fallback para ROUTE_NL2SQL.
[2026-04-06 20:08:27,625] INFO 
apps.audit.services.trace_service [Tracer] 
Concluido: Supervisor: Routing em 3ms
[2026-04-06 20:08:27,625] DEBUG 
apps.audit.services.trace_service [Tracer] 
Inciando: Especialista: ROUTE_NL2SQL (Trace: 
7d56be73-9970-4443-aff5-3ee826892ff5)
[2026-04-06 20:08:27,625] INFO 
apps.audit.services.trace_service [Tracer] 
Concluido: Especialista: ROUTE_NL2SQL em 0ms
[2026-04-06 20:08:27,625] INFO 
apps.audit.services.trace_service [Tracer] 
Concluido: Anßlise de Dados e Prompt em 7ms
[2026-04-06 20:08:27,628] DEBUG 
apps.audit.services.trace_service [Tracer] 
Inciando: Critic Agent: Avaliando Qualidade 
(T1) (Trace: 
7d56be73-9970-4443-aff5-3ee826892ff5)
[2026-04-06 20:08:27,631] INFO 
apps.ai_engine.agents.critic_agent Critic 
Agent: avaliando dashboard. Iteraτπo 1
[2026-04-06 20:08:27,631] INFO 
apps.ai_engine.agents.critic_agent Critic 
Agent: Bedrock indisponφvel. Pulando avaliaτπo 
detalhada (Aprovaτπo implφcita).
[2026-04-06 20:08:27,631] INFO 
apps.audit.services.trace_service [Tracer] 
Concluido: Critic Agent: Avaliando Qualidade 
(T1) em 3ms
.C:\Users\mmaccafe\AppData\Local\Packages\Python
SoftwareFoundation.Python.3.13_qbz5n2kfra8p0\Loc
alCache\local-packages\Python313\site-packages\d
jango\test\utils.py:458: UserWarning: 
Overriding setting DATABASES can lead to 
unexpected behavior.
  with self as context:
[2026-04-06 20:08:27,635] DEBUG 
apps.audit.services.trace_service [Tracer] 
Inciando: Anßlise de Dados e Prompt (Trace: 
bcb46867-e196-43eb-807d-1a9075ecc6be)
[2026-04-06 20:08:27,636] DEBUG 
apps.audit.services.trace_service [Tracer] 
Inciando: Recuperaτπo de Contexto (RAG) (Trace: 
bcb46867-e196-43eb-807d-1a9075ecc6be)
[2026-04-06 20:08:27,638] ERROR 
apps.audit.services.trace_service [Tracer] Erro 
ao salvar trace: Database queries to 'default' 
are not allowed in SimpleTestCase subclasses. 
Either subclass TestCase or TransactionTestCase 
to ensure proper test isolation or add 
'default' to apps.ai_engine.tests.test_copilot_g
enerate_flow.IncrementalPromptSubmissionTests.da
tabases to silence this failure.
[2026-04-06 20:08:27,638] DEBUG 
apps.audit.services.trace_service [Tracer] 
Inciando: Supervisor: Routing (Trace: 
bcb46867-e196-43eb-807d-1a9075ecc6be)
[2026-04-06 20:08:27,642] INFO 
apps.ai_engine.agents.supervisor_agent 
[Supervisor] Iniciando anßlise de intenτπo.
[2026-04-06 20:08:27,643] ERROR 
apps.ai_engine.agents.supervisor_agent 
[Supervisor] Falha na anßlise: 'BedrockService' 
object has no attribute 'generate_text'. 
Fallback para ROUTE_NL2SQL.
[2026-04-06 20:08:27,643] ERROR 
apps.audit.services.trace_service [Tracer] Erro 
ao salvar trace: Database queries to 'default' 
are not allowed in SimpleTestCase subclasses. 
Either subclass TestCase or TransactionTestCase 
to ensure proper test isolation or add 
'default' to apps.ai_engine.tests.test_copilot_g
enerate_flow.IncrementalPromptSubmissionTests.da
tabases to silence this failure.
[2026-04-06 20:08:27,643] DEBUG 
apps.audit.services.trace_service [Tracer] 
Inciando: Especialista: ROUTE_NL2SQL (Trace: 
bcb46867-e196-43eb-807d-1a9075ecc6be)
[2026-04-06 20:08:27,643] ERROR 
apps.audit.services.trace_service [Tracer] Erro 
ao salvar trace: Database queries to 'default' 
are not allowed in SimpleTestCase subclasses. 
Either subclass TestCase or TransactionTestCase 
to ensure proper test isolation or add 
'default' to apps.ai_engine.tests.test_copilot_g
enerate_flow.IncrementalPromptSubmissionTests.da
tabases to silence this failure.
[2026-04-06 20:08:27,644] ERROR 
apps.audit.services.trace_service [Tracer] Erro 
ao salvar trace: Database queries to 'default' 
are not allowed in SimpleTestCase subclasses. 
Either subclass TestCase or TransactionTestCase 
to ensure proper test isolation or add 
'default' to apps.ai_engine.tests.test_copilot_g
enerate_flow.IncrementalPromptSubmissionTests.da
tabases to silence this failure.
[2026-04-06 20:08:27,644] DEBUG 
apps.audit.services.trace_service [Tracer] 
Inciando: Invocaτπo LLM (Bedrock) - Tentaiva 1 
(Trace: bcb46867-e196-43eb-807d-1a9075ecc6be)
[2026-04-06 20:08:27,644] ERROR 
apps.audit.services.trace_service [Tracer] Erro 
ao salvar trace: Database queries to 'default' 
are not allowed in SimpleTestCase subclasses. 
Either subclass TestCase or TransactionTestCase 
to ensure proper test isolation or add 
'default' to apps.ai_engine.tests.test_copilot_g
enerate_flow.IncrementalPromptSubmissionTests.da
tabases to silence this failure.
[2026-04-06 20:08:27,646] DEBUG 
apps.audit.services.trace_service [Tracer] 
Inciando: Critic Agent: Avaliando Qualidade 
(T1) (Trace: 
bcb46867-e196-43eb-807d-1a9075ecc6be)
[2026-04-06 20:08:27,650] INFO 
apps.ai_engine.agents.critic_agent Critic 
Agent: avaliando dashboard. Iteraτπo 1
[2026-04-06 20:08:28,383] INFO 
apps.ai_engine.services.bedrock_service Bedrock 
invoke_agent: agent_id=BDCB1YWJ2U 
alias_id=TSTALIASID 
session_id=agent-bi-503d0bdb8b064da69a59 
elapsed=0.72s
[2026-04-06 20:08:28,383] ERROR 
apps.ai_engine.services.bedrock_service Falha 
ao parsear JSON do Bedrock. response=Session is 
terminated as 'endSession' flag is set in 
request.
[2026-04-06 20:08:28,384] WARNING 
apps.ai_engine.services.bedrock_service Agent 
runtime retornou payload sem JSON valido. 
Fallback para invoke_model sera aplicado.
[2026-04-06 20:08:31,769] INFO 
apps.ai_engine.services.bedrock_service Bedrock 
converse: model=amazon.nova-pro-v1:0, 
input_tokens=1942, output_tokens=224, 
elapsed=3.39s
[2026-04-06 20:08:31,769] INFO 
apps.ai_engine.agents.critic_agent Critic 
Agent: score=0.40, aprovado=False, tempo=4.12s
[2026-04-06 20:08:31,769] ERROR 
apps.audit.services.trace_service [Tracer] Erro 
ao salvar trace: Database queries to 'default' 
are not allowed in SimpleTestCase subclasses. 
Either subclass TestCase or TransactionTestCase 
to ensure proper test isolation or add 
'default' to apps.ai_engine.tests.test_copilot_g
enerate_flow.IncrementalPromptSubmissionTests.da
tabases to silence this failure.
[2026-04-06 20:08:31,770] DEBUG 
apps.audit.services.trace_service [Tracer] 
Inciando: Invocaτπo LLM (Bedrock) - Tentaiva 2 
(Trace: bcb46867-e196-43eb-807d-1a9075ecc6be)
[2026-04-06 20:08:31,770] ERROR 
apps.audit.services.trace_service [Tracer] Erro 
ao salvar trace: Database queries to 'default' 
are not allowed in SimpleTestCase subclasses. 
Either subclass TestCase or TransactionTestCase 
to ensure proper test isolation or add 
'default' to apps.ai_engine.tests.test_copilot_g
enerate_flow.IncrementalPromptSubmissionTests.da
tabases to silence this failure.
[2026-04-06 20:08:31,772] DEBUG 
apps.audit.services.trace_service [Tracer] 
Inciando: Critic Agent: Avaliando Qualidade 
(T2) (Trace: 
bcb46867-e196-43eb-807d-1a9075ecc6be)
[2026-04-06 20:08:31,776] INFO 
apps.ai_engine.agents.critic_agent Critic 
Agent: avaliando dashboard. Iteraτπo 1
[2026-04-06 20:08:32,544] INFO 
apps.ai_engine.services.bedrock_service Bedrock 
invoke_agent: agent_id=BDCB1YWJ2U 
alias_id=TSTALIASID 
session_id=agent-bi-67028b1cb0414d88a9b9 
elapsed=0.76s
[2026-04-06 20:08:32,544] ERROR 
apps.ai_engine.services.bedrock_service Falha 
ao parsear JSON do Bedrock. response=Session is 
terminated as 'endSession' flag is set in 
request.
[2026-04-06 20:08:32,544] WARNING 
apps.ai_engine.services.bedrock_service Agent 
runtime retornou payload sem JSON valido. 
Fallback para invoke_model sera aplicado.
[2026-04-06 20:08:36,650] INFO 
apps.ai_engine.services.bedrock_service Bedrock 
converse: model=amazon.nova-pro-v1:0, 
input_tokens=1942, output_tokens=210, 
elapsed=4.11s
[2026-04-06 20:08:36,650] INFO 
apps.ai_engine.agents.critic_agent Critic 
Agent: score=0.40, aprovado=False, tempo=4.87s
[2026-04-06 20:08:36,650] ERROR 
apps.audit.services.trace_service [Tracer] Erro 
ao salvar trace: Database queries to 'default' 
are not allowed in SimpleTestCase subclasses. 
Either subclass TestCase or TransactionTestCase 
to ensure proper test isolation or add 
'default' to apps.ai_engine.tests.test_copilot_g
enerate_flow.IncrementalPromptSubmissionTests.da
tabases to silence this failure.
F
================================================
======================
FAIL: test_service_submits_fused_frontend_contex
t_to_llm (apps.ai_engine.tests.test_copilot_gene
rate_flow.IncrementalPromptSubmissionTests.test_
service_submits_fused_frontend_context_to_llm)
------------------------------------------------
----------------------
Traceback (most recent call last):
  File "C:\Users\mmaccafe\AppData\Local\Packages
\PythonSoftwareFoundation.Python.3.13_qbz5n2kfra
8p0\LocalCache\local-packages\Python313\site-pac
kages\django\test\utils.py", line 461, in inner
    return func(*args, **kwargs)
  File "C:\Users\mmaccafe\Documents\Agent-BI\app
s\ai_engine\tests\test_copilot_generate_flow.py"
, line 241, in test_service_submits_fused_fronte
nd_context_to_llm
    mock_bedrock.invoke_with_json_output.assert_
called_once()
    ~~~~~~~~~~~~~~~~~~~~~~~~~~~~~~~~~~~~~~~~~~~~
~~~~~~~~~~~^^
  File "C:\Program Files\WindowsApps\PythonSoftw
areFoundation.Python.3.13_3.13.3312.0_x64__qbz5n
2kfra8p0\Lib\unittest\mock.py", line 958, in 
assert_called_once
    raise AssertionError(msg)
AssertionError: Expected 
'invoke_with_json_output' to have been called 
once. Called 2 times.
Calls: [call(system_prompt='Voce e um agente de 
BI generativo executado no Amazon Bedrock 
responsavel por evoluir dashboards HTML 
analiticos dentro de uma aplicacao corporativa 
ja existente.\n\nSua principal responsabilidade 
NAO e criar dashboards do zero, mas sim 
analisar, entender e evoluir o que ja foi 
previamente construido por versoes anteriores 
do sistema e por interacoes anteriores com 
outras LLMs.\n\nRegras fundamentais:\n- partir 
do que ja existe;\n- analisar 
existingDashboardHtml, previousUserPrompts e 
currentUserPrompt;\n- analisar profundamente os 
modulos ja implementados da aplicacao antes de 
propor mudancas;\n- usar ragRetrievedContext 
como referencia quando houver contexto 
recuperado de Knowledge Base;\n- quando 
ragRetrievedContext incluir template HTML 
corporativo, respeitar layout, paleta e padroes 
visuais;\n- preservar o que funciona;\n- 
evoluir incrementalmente;\n- nunca inventar 
dados, tabelas, colunas ou joins;\n- nunca 
publicar;\n- sempre salvar como DRAFT.\n- o 
HTML final deve ser completo (documento HTML 
valido) e operacional.\n- o HTML final deve 
executar NL2SQL via fetch para 
`/api/v1/copilot/sql-preview`, enviando `sql` e 
`datasets` recebidos no contexto.\n- o 
dashboard deve explicar os dados com 
componentes visuais (cards, graficos e tabela) 
e trazer exatamente 6 insights 
objetivos.\n\nVoce deve combinar:\n- 
templatePrompt\n- masterPrompt\n- 
reportDescription\n- datasets\n- 
semanticRelationships\n- 
knowledgeBasePromptHints\n- 
ragRetrievedContext\n- previousUserPrompts\n- 
currentUserPrompt\n- reportMetadata\n- 
reportTitle\n- reportDescription\n- 
dataDomain\n- domainDataOwner\n- 
dataConfidentiality\n- 
existingDashboardHtml\n\nArquitetura 
obrigatoria da resposta:\n- Planner 
(orquestracao e fusao de contexto)\n- NL2SQL 
(consultas auditaveis usando datasets e 
semanticRelationships)\n- HTML Renderer 
(apresentacao sem acesso direto ao 
banco)\n\nRetorne JSON valido com esta 
estrutura obrigatoria:\n{\n  
"applicationAnalysis": {\n    
"existingModules": "",\n    
"capabilitiesIdentified": "",\n    "gaps": ""\n 
 },\n  "architecturePlan": {\n    "planner": 
"",\n    "nl2sql": "",\n    "htmlRenderer": 
""\n  },\n  "analysisIntent": {\n    "goal": 
"",\n    "contextFusionSummary": ""\n  },\n  
"sqlProposal": {\n    "description": "",\n    
"sql": ""\n  },\n  "dashboardPlan": {\n    
"structure": [],\n    "components": []\n  },\n  
"htmlDashboard": "",\n  "footerInsights": [],\n 
 "versionAction": {\n    "type": 
"save_draft",\n    "reason": ""\n  },\n  
"limitations": []\n}\n', user_message='Evolua 
incrementalmente o dashboard abaixo.\nAnalise 
primeiro a aplicacao existente e retorne apenas 
JSON valido no contrato 
obrigatorio.\n\n\n\n===== CONTEXTO ANALITICO 
(dados, schema, prompts do usuario) =====\n{\n  
"dashboardName": "Painel Comercial",\n  
"reportTitle": "Painel Comercial",\n  
"reportDescription": "Analise executiva de 
receita e margem.",\n  "dataDomain": "",\n  
"domainDataOwner": "",\n  
"dataConfidentiality": "",\n  
"crawlerFrequency": "",\n  "sessionAuthor": 
"sistema",\n  "currentVersion": "",\n  
"currentDashboardState": "DRAFT",\n  
"previousUserPrompts": [\n    "baseline 
inicial"\n  ],\n  "currentUserPrompt": 
"adicionar leitura por canal",\n  
"templatePrompt": "template corporativo",\n  
"masterPrompt": "politicas enterprise",\n  
"reportMetadata": {\n    "apiBaseUrl": 
"http://127.0.0.1:8000"\n  },\n  "datasets": 
[\n    {\n      "id": "dataset-1",\n      
"name": "vendas_demo",\n      "sqlite_table": 
"vendas_demo",\n      "schema_json": {\n        
"columns": [\n          {\n            "name": 
"canal",\n            "type": "TEXT"\n          
},\n          {\n            "name": 
"receita",\n            "type": "REAL"\n        
  }\n        ]\n      },\n      "sample_json": 
[\n        {\n          "canal": "Online",\n    
      "receita": 100\n        },\n        {\n   
       "canal": "Loja",\n          "receita": 
140\n        }\n      ],\n      "selectedCols": 
[\n        "canal",\n        "receita"\n      
]\n    }\n  ],\n  "semanticRelationships": 
[],\n  "knowledgeBasePromptHints": [\n    
"layout executivo institucional"\n  ],\n  
"existingDashboardHtml": "",\n  
"frontendComponentContract": {},\n  
"visualLayoutRules": {},\n  
"outputFormatRules": {},\n  "routing_decision": 
{\n    "reasoning": "Erro na invocaτπo da 
LLM.",\n    "route": "ROUTE_NL2SQL"\n  }\n}', 
temperature=0.2),
 call(system_prompt='Voce e um agente de BI 
generativo executado no Amazon Bedrock 
responsavel por evoluir dashboards HTML 
analiticos dentro de uma aplicacao corporativa 
ja existente.\n\nSua principal responsabilidade 
NAO e criar dashboards do zero, mas sim 
analisar, entender e evoluir o que ja foi 
previamente construido por versoes anteriores 
do sistema e por interacoes anteriores com 
outras LLMs.\n\nRegras fundamentais:\n- partir 
do que ja existe;\n- analisar 
existingDashboardHtml, previousUserPrompts e 
currentUserPrompt;\n- analisar profundamente os 
modulos ja implementados da aplicacao antes de 
propor mudancas;\n- usar ragRetrievedContext 
como referencia quando houver contexto 
recuperado de Knowledge Base;\n- quando 
ragRetrievedContext incluir template HTML 
corporativo, respeitar layout, paleta e padroes 
visuais;\n- preservar o que funciona;\n- 
evoluir incrementalmente;\n- nunca inventar 
dados, tabelas, colunas ou joins;\n- nunca 
publicar;\n- sempre salvar como DRAFT.\n- o 
HTML final deve ser completo (documento HTML 
valido) e operacional.\n- o HTML final deve 
executar NL2SQL via fetch para 
`/api/v1/copilot/sql-preview`, enviando `sql` e 
`datasets` recebidos no contexto.\n- o 
dashboard deve explicar os dados com 
componentes visuais (cards, graficos e tabela) 
e trazer exatamente 6 insights 
objetivos.\n\nVoce deve combinar:\n- 
templatePrompt\n- masterPrompt\n- 
reportDescription\n- datasets\n- 
semanticRelationships\n- 
knowledgeBasePromptHints\n- 
ragRetrievedContext\n- previousUserPrompts\n- 
currentUserPrompt\n- reportMetadata\n- 
reportTitle\n- reportDescription\n- 
dataDomain\n- domainDataOwner\n- 
dataConfidentiality\n- 
existingDashboardHtml\n\nArquitetura 
obrigatoria da resposta:\n- Planner 
(orquestracao e fusao de contexto)\n- NL2SQL 
(consultas auditaveis usando datasets e 
semanticRelationships)\n- HTML Renderer 
(apresentacao sem acesso direto ao 
banco)\n\nRetorne JSON valido com esta 
estrutura obrigatoria:\n{\n  
"applicationAnalysis": {\n    
"existingModules": "",\n    
"capabilitiesIdentified": "",\n    "gaps": ""\n 
 },\n  "architecturePlan": {\n    "planner": 
"",\n    "nl2sql": "",\n    "htmlRenderer": 
""\n  },\n  "analysisIntent": {\n    "goal": 
"",\n    "contextFusionSummary": ""\n  },\n  
"sqlProposal": {\n    "description": "",\n    
"sql": ""\n  },\n  "dashboardPlan": {\n    
"structure": [],\n    "components": []\n  },\n  
"htmlDashboard": "",\n  "footerInsights": [],\n 
 "versionAction": {\n    "type": 
"save_draft",\n    "reason": ""\n  },\n  
"limitations": []\n}\n', user_message='Evolua 
incrementalmente o dashboard abaixo.\nAnalise 
primeiro a aplicacao existente e retorne apenas 
JSON valido no contrato 
obrigatorio.\n\n\n\n===== CONTEXTO ANALITICO 
(dados, schema, prompts do usuario) =====\n{\n  
"dashboardName": "Painel Comercial",\n  
"reportTitle": "Painel Comercial",\n  
"reportDescription": "Analise executiva de 
receita e margem.",\n  "dataDomain": "",\n  
"domainDataOwner": "",\n  
"dataConfidentiality": "",\n  
"crawlerFrequency": "",\n  "sessionAuthor": 
"sistema",\n  "currentVersion": "",\n  
"currentDashboardState": "DRAFT",\n  
"previousUserPrompts": [\n    "baseline 
inicial"\n  ],\n  "currentUserPrompt": 
"adicionar leitura por canal",\n  
"templatePrompt": "template corporativo",\n  
"masterPrompt": "politicas enterprise",\n  
"reportMetadata": {\n    "apiBaseUrl": 
"http://127.0.0.1:8000"\n  },\n  "datasets": 
[\n    {\n      "id": "dataset-1",\n      
"name": "vendas_demo",\n      "sqlite_table": 
"vendas_demo",\n      "schema_json": {\n        
"columns": [\n          {\n            "name": 
"canal",\n            "type": "TEXT"\n          
},\n          {\n            "name": 
"receita",\n            "type": "REAL"\n        
  }\n        ]\n      },\n      "sample_json": 
[\n        {\n          "canal": "Online",\n    
      "receita": 100\n        },\n        {\n   
       "canal": "Loja",\n          "receita": 
140\n        }\n      ],\n      "selectedCols": 
[\n        "canal",\n        "receita"\n      
]\n    }\n  ],\n  "semanticRelationships": 
[],\n  "knowledgeBasePromptHints": [\n    
"layout executivo institucional"\n  ],\n  
"existingDashboardHtml": "",\n  
"frontendComponentContract": {},\n  
"visualLayoutRules": {},\n  
"outputFormatRules": {},\n  "routing_decision": 
{\n    "reasoning": "Erro na invocaτπo da 
LLM.",\n    "route": "ROUTE_NL2SQL"\n  
}\n}\n\n\U0001f6a8 FEEDBACK DO CRITIC AGENT 
(CORRIJA ESTES PONTOS):\nISSUES: A query SQL 
nπo estß relacionada com a instruτπo do 
usußrio., Faltam grßficos e insights 
relevantes., Os KPIs solicitados nπo estπo 
presentes.\nFEEDBACK: O dashboard nπo atende 
completamente α instruτπo do usußrio. A query 
SQL gerada nπo estß relacionada com a instruτπo 
original, que solicitava a leitura por canal. O 
HTML parece vßlido, mas faltam grßficos e 
insights relevantes.', temperature=0.2)].

------------------------------------------------
----------------------
Ran 3 tests in 9.321s

FAILED (failures=1)
Destroying test database for alias 'default'...

